// Jest Snapshot v1, https://goo.gl/fbAQLP

exports[`On Boarding screen should render correctly 1`] = `null`;
